
> crowncare@1.0.0 build
> vite build

[36mvite v6.4.1 [32mbuilding for production...[36m[39m
transforming...
[32mΓ£ô[39m 25 modules transformed.
node.exe : [31mΓ£ù[39m Build failed in 1.10s
At line:1 char:1
+ & "C:\Program Files\nodejs/node.exe" "C:\Program Files\nodejs/node_mo ...
+ ~~~~~~~~~~~~~~~~~~~~~~~~~~~~~~~~~~~~~~~~~~~~~~~~~~~~~~~~~~~~~~~~~~~~~
    + CategoryInfo          : NotSpecified: ([31mΓ£ù[39m Build failed in 1.10s:String) [], Remo 
   teException
    + FullyQualifiedErrorId : NativeCommandError
 
[31merror during build:
[31m[vite:esbuild] Transform failed with 1 error:
C:/Users/mlwhi/.gemini/antigravity/scratch/crowncare/src/components/Dashboard.jsx:384:14: ERROR: 
Unterminated regular expression[31m
file: 
[36mC:/Users/mlwhi/.gemini/antigravity/scratch/crowncare/src/components/Dashboard.jsx:384:14[31m
[33m
[33mUnterminated regular expression[33m
382|  
383|              <BadgeModal badgeId={activeBadge} onClose={() => setActiveBadge(null)} />
384|          </div>
   |                ^
385|      );
386|  }
[31m
    at failureErrorWithLog 
(C:\Users\mlwhi\.gemini\antigravity\scratch\crowncare\node_modules\esbuild\lib\main.js:1467:15)
    at 
C:\Users\mlwhi\.gemini\antigravity\scratch\crowncare\node_modules\esbuild\lib\main.js:736:50
    at responseCallbacks.<computed> 
(C:\Users\mlwhi\.gemini\antigravity\scratch\crowncare\node_modules\esbuild\lib\main.js:603:9)
    at handleIncomingPacket 
(C:\Users\mlwhi\.gemini\antigravity\scratch\crowncare\node_modules\esbuild\lib\main.js:658:12)
    at Socket.readFromStdout 
(C:\Users\mlwhi\.gemini\antigravity\scratch\crowncare\node_modules\esbuild\lib\main.js:581:7)
    at Socket.emit (node:events:508:28)
    at addChunk (node:internal/streams/readable:559:12)
    at readableAddChunkPushByteMode (node:internal/streams/readable:510:3)
    at Readable.push (node:internal/streams/readable:390:5)
    at Pipe.onStreamRead (node:internal/stream_base_commons:189:23)[39m
